Downloading https://services.gradle.org/distributions/gradle-8.7-bin.zip
............10%.............20%.............30%.............40%............50%.............60%.............70%.............80%.............90%............100%

Welcome to Gradle 8.7!

Here are the highlights of this release:
 - Compiling and testing with Java 22
 - Cacheable Groovy script compilation
 - New methods in lazy collection properties

For more details see https://docs.gradle.org/8.7/release-notes.html

Starting a Gradle Daemon (subsequent builds will be faster)
> Task :app:preBuild UP-TO-DATE
> Task :app:preDebugBuild UP-TO-DATE
> Task :app:mergeDebugNativeDebugMetadata NO-SOURCE
> Task :app:checkKotlinGradlePluginConfigurationErrors SKIPPED
> Task :app:checkDebugAarMetadata FAILED

FAILURE: Build failed with an exception.

* What went wrong:
Execution failed for task ':app:checkDebugAarMetadata'.
> Could not resolve all files for configuration ':app:debugRuntimeClasspath'.
   > Could not find com.kakao.sdk:v2-maps:2.12.1.
     Searched in the following locations:
       - https://dl.google.com/dl/android/maven2/com/kakao/sdk/v2-maps/2.12.1/v2-maps-2.12.1.pom
       - https://repo.maven.apache.org/maven2/com/kakao/sdk/v2-maps/2.12.1/v2-maps-2.12.1.pom
       - https://devrepo.kakao.com/nexus/content/groups/public/com/kakao/sdk/v2-maps/2.12.1/v2-maps-2.12.1.pom
     Required by:
         project :app

* Try:
> Run with --stacktrace option to get the stack trace.
> Run with --info or --debug option to get more log output.
> Run with --scan to get full insights.
> Get more help at https://help.gradle.org.

BUILD FAILED in 1m 13s
1 actionable task: 1 executed
