Downloading https://services.gradle.org/distributions/gradle-8.7-bin.zip
............10%.............20%.............30%.............40%............50%.............60%.............70%.............80%.............90%............100%

Welcome to Gradle 8.7!

Here are the highlights of this release:
 - Compiling and testing with Java 22
 - Cacheable Groovy script compilation
 - New methods in lazy collection properties

For more details see https://docs.gradle.org/8.7/release-notes.html

Starting a Gradle Daemon (subsequent builds will be faster)

> Configure project :app
e: file:///home/runner/work/BetterTick/BetterTick/app/build.gradle.kts:13:39: Unresolved reference: util
e: file:///home/runner/work/BetterTick/BetterTick/app/build.gradle.kts:14:42: Unresolved reference: load
w: file:///home/runner/work/BetterTick/BetterTick/app/build.gradle.kts:36:69: No cast needed
w: file:///home/runner/work/BetterTick/BetterTick/app/build.gradle.kts:37:63: No cast needed
w: file:///home/runner/work/BetterTick/BetterTick/app/build.gradle.kts:38:66: No cast needed

FAILURE: Build failed with an exception.

* Where:
Build file '/home/runner/work/BetterTick/BetterTick/app/build.gradle.kts' line: 13

* What went wrong:
Script compilation errors:

  Line 13: private val keystoreProperties = java.util.Properties().apply {
                                                 ^ Unresolved reference: util

  Line 14:     if (keystorePropertiesFile.exists()) load(keystorePropertiesFile.inputStream())
                                                    ^ Unresolved reference: load

2 errors

* Try:
> Run with --stacktrace option to get the stack trace.
> Run with --info or --debug option to get more log output.
> Run with --scan to get full insights.
> Get more help at https://help.gradle.org.

BUILD FAILED in 1m 3s
